// Jest Snapshot v1, https://goo.gl/fbAQLP

exports[`Test GitHubCard it renders a snapshot 1`] = `<div />`;
